<?xml version="1.0" encoding="utf-8"?><testsuites name="pytest tests"><testsuite name="pytest" errors="0" failures="0" skipped="0" tests="197" time="0.689" timestamp="2025-11-25T02:17:42.461304+03:30" hostname="razpad"><testcase classname="tests.application.use_cases.test_create_task.TestCreateTaskUseCase" name="test_create_task_success" file="tests/application/use_cases/test_create_task.py" line="11" time="0.014" /><testcase classname="tests.application.use_cases.test_create_task.TestCreateTaskUseCase" name="test_create_task_with_all_fields" file="tests/application/use_cases/test_create_task.py" line="23" time="0.001" /><testcase classname="tests.application.use_cases.test_create_task.TestCreateTaskUseCase" name="test_create_task_empty_title" file="tests/application/use_cases/test_create_task.py" line="42" time="0.001" /><testcase classname="tests.application.use_cases.test_create_task.TestCreateTaskUseCase" name="test_create_task_whitespace_title" file="tests/application/use_cases/test_create_task.py" line="54" time="0.001" /><testcase classname="tests.application.use_cases.test_create_task.TestCreateTaskUseCase" name="test_create_task_title_too_long" file="tests/application/use_cases/test_create_task.py" line="66" time="0.001" /><testcase classname="tests.application.use_cases.test_create_task.TestCreateTaskUseCase" name="test_create_task_title_stripped" file="tests/application/use_cases/test_create_task.py" line="77" time="0.001" /><testcase classname="tests.application.use_cases.test_create_task.TestCreateTaskUseCase" name="test_create_task_duplicate_raises_error" file="tests/application/use_cases/test_create_task.py" line="88" time="0.001" /><testcase classname="tests.application.use_cases.test_delete_task.TestDeleteTaskUseCase" name="test_delete_task_success" file="tests/application/use_cases/test_delete_task.py" line="10" time="0.003" /><testcase classname="tests.application.use_cases.test_delete_task.TestDeleteTaskUseCase" name="test_delete_nonexistent_task" file="tests/application/use_cases/test_delete_task.py" line="20" time="0.001" /><testcase classname="tests.application.use_cases.test_export_task.TestExportTasksUseCase" name="test_export_tasks_success" file="tests/application/use_cases/test_export_task.py" line="15" time="0.033" /><testcase classname="tests.application.use_cases.test_export_task.TestExportTasksUseCase" name="test_export_empty_tasks" file="tests/application/use_cases/test_export_task.py" line="41" time="0.001" /><testcase classname="tests.application.use_cases.test_export_task.TestExportTasksUseCase" name="test_export_tasks_failure" file="tests/application/use_cases/test_export_task.py" line="60" time="0.001" /><testcase classname="tests.application.use_cases.test_import_task.TestImportTasksUseCase" name="test_import_tasks_success" file="tests/application/use_cases/test_import_task.py" line="17" time="0.045" /><testcase classname="tests.application.use_cases.test_import_task.TestImportTasksUseCase" name="test_import_nonexistent_file" file="tests/application/use_cases/test_import_task.py" line="35" time="0.002" /><testcase classname="tests.application.use_cases.test_import_task.TestImportTasksUseCase" name="test_import_invalid_json_syntax" file="tests/application/use_cases/test_import_task.py" line="44" time="0.003" /><testcase classname="tests.application.use_cases.test_import_task.TestImportTasksUseCase" name="test_import_not_array" file="tests/application/use_cases/test_import_task.py" line="61" time="0.003" /><testcase classname="tests.application.use_cases.test_import_task.TestImportTasksUseCase" name="test_import_empty_list" file="tests/application/use_cases/test_import_task.py" line="72" time="0.002" /><testcase classname="tests.application.use_cases.test_import_task.TestImportTasksUseCase" name="test_import_with_missing_title" file="tests/application/use_cases/test_import_task.py" line="82" time="0.002" /><testcase classname="tests.application.use_cases.test_import_task.TestImportTasksUseCase" name="test_import_preserves_done_status" file="tests/application/use_cases/test_import_task.py" line="97" time="0.003" /><testcase classname="tests.application.use_cases.test_import_task.TestImportTasksUseCase" name="test_import_upsert_mode_updates_data" file="tests/application/use_cases/test_import_task.py" line="108" time="0.008" /><testcase classname="tests.application.use_cases.test_list_tasks.TestListTasksUseCase" name="test_list_all_tasks" file="tests/application/use_cases/test_list_tasks.py" line="9" time="0.001" /><testcase classname="tests.application.use_cases.test_list_tasks.TestListTasksUseCase" name="test_list_tasks_with_filters" file="tests/application/use_cases/test_list_tasks.py" line="29" time="0.001" /><testcase classname="tests.application.use_cases.test_mark_task_done.TestMarkDoneUseCase" name="test_mark_task_done" file="tests/application/use_cases/test_mark_task_done.py" line="10" time="0.003" /><testcase classname="tests.application.use_cases.test_mark_task_done.TestMarkDoneUseCase" name="test_mark_task_undone" file="tests/application/use_cases/test_mark_task_done.py" line="20" time="0.001" /><testcase classname="tests.application.use_cases.test_mark_task_done.TestMarkDoneUseCase" name="test_mark_nonexistent_task_done" file="tests/application/use_cases/test_mark_task_done.py" line="30" time="0.001" /><testcase classname="tests.application.use_cases.test_migrate_tasks.TestMigrateUseCase" name="test_migrate_execute" file="tests/application/use_cases/test_migrate_tasks.py" line="10" time="0.007" /><testcase classname="tests.application.use_cases.test_migrate_tasks.TestMigrateUseCase" name="test_migrate_empty_database" file="tests/application/use_cases/test_migrate_tasks.py" line="52" time="0.001" /><testcase classname="tests.application.use_cases.test_migrate_tasks.TestMigrateUseCase" name="test_migrate_with_existing_index" file="tests/application/use_cases/test_migrate_tasks.py" line="89" time="0.001" /><testcase classname="tests.application.use_cases.test_search_tasks.TestSearchTasksUseCase" name="test_search_tasks_success" file="tests/application/use_cases/test_search_tasks.py" line="9" time="0.004" /><testcase classname="tests.application.use_cases.test_search_tasks.TestSearchTasksUseCase" name="test_search_tasks_with_filters" file="tests/application/use_cases/test_search_tasks.py" line="22" time="0.002" /><testcase classname="tests.application.use_cases.test_search_tasks.TestSearchTasksUseCase" name="test_search_tasks_empty_keyword" file="tests/application/use_cases/test_search_tasks.py" line="35" time="0.001" /><testcase classname="tests.application.use_cases.test_search_tasks.TestSearchTasksUseCase" name="test_search_tasks_whitespace_keyword" file="tests/application/use_cases/test_search_tasks.py" line="44" time="0.001" /><testcase classname="tests.application.use_cases.test_update_task.TestUpdateTaskUseCase" name="test_update_task_success" file="tests/application/use_cases/test_update_task.py" line="11" time="0.003" /><testcase classname="tests.application.use_cases.test_update_task.TestUpdateTaskUseCase" name="test_update_task_all_fields" file="tests/application/use_cases/test_update_task.py" line="23" time="0.002" /><testcase classname="tests.application.use_cases.test_update_task.TestUpdateTaskUseCase" name="test_update_nonexistent_task" file="tests/application/use_cases/test_update_task.py" line="43" time="0.001" /><testcase classname="tests.domain.test_exceptions.TestRazTodoException" name="test_exception_inherits_from_exception" file="tests/domain/test_exceptions.py" line="19" time="0.001" /><testcase classname="tests.domain.test_exceptions.TestRazTodoException" name="test_exception_can_be_raised" file="tests/domain/test_exceptions.py" line="23" time="0.000" /><testcase classname="tests.domain.test_exceptions.TestTaskNotFoundError" name="test_default_message" file="tests/domain/test_exceptions.py" line="32" time="0.008" /><testcase classname="tests.domain.test_exceptions.TestTaskNotFoundError" name="test_custom_message" file="tests/domain/test_exceptions.py" line="38" time="0.000" /><testcase classname="tests.domain.test_exceptions.TestTaskNotFoundError" name="test_inherits_from_raztodo_exception" file="tests/domain/test_exceptions.py" line="44" time="0.000" /><testcase classname="tests.domain.test_exceptions.TestTaskValidationError" name="test_default_message_with_field_and_value" file="tests/domain/test_exceptions.py" line="52" time="0.001" /><testcase classname="tests.domain.test_exceptions.TestTaskValidationError" name="test_default_message_with_field_only" file="tests/domain/test_exceptions.py" line="59" time="0.000" /><testcase classname="tests.domain.test_exceptions.TestTaskValidationError" name="test_default_message_no_field" file="tests/domain/test_exceptions.py" line="66" time="0.000" /><testcase classname="tests.domain.test_exceptions.TestTaskValidationError" name="test_custom_message" file="tests/domain/test_exceptions.py" line="71" time="0.000" /><testcase classname="tests.domain.test_exceptions.TestTaskValidationError" name="test_inherits_from_raztodo_exception" file="tests/domain/test_exceptions.py" line="76" time="0.000" /><testcase classname="tests.domain.test_exceptions.TestDuplicateTaskError" name="test_default_message" file="tests/domain/test_exceptions.py" line="84" time="0.002" /><testcase classname="tests.domain.test_exceptions.TestDuplicateTaskError" name="test_custom_message" file="tests/domain/test_exceptions.py" line="90" time="0.000" /><testcase classname="tests.domain.test_exceptions.TestDuplicateTaskError" name="test_inherits_from_raztodo_exception" file="tests/domain/test_exceptions.py" line="96" time="0.000" /><testcase classname="tests.domain.test_exceptions.TestFileOperationError" name="test_default_message_with_filepath" file="tests/domain/test_exceptions.py" line="104" time="0.001" /><testcase classname="tests.domain.test_exceptions.TestFileOperationError" name="test_default_message_no_filepath" file="tests/domain/test_exceptions.py" line="111" time="0.000" /><testcase classname="tests.domain.test_exceptions.TestFileOperationError" name="test_custom_message" file="tests/domain/test_exceptions.py" line="116" time="0.000" /><testcase classname="tests.domain.test_exceptions.TestFileOperationError" name="test_inherits_from_raztodo_exception" file="tests/domain/test_exceptions.py" line="121" time="0.000" /><testcase classname="tests.domain.test_exceptions.TestTaskFileNotFoundError" name="test_default_message" file="tests/domain/test_exceptions.py" line="129" time="0.000" /><testcase classname="tests.domain.test_exceptions.TestTaskFileNotFoundError" name="test_inherits_from_file_operation_error" file="tests/domain/test_exceptions.py" line="135" time="0.000" /><testcase classname="tests.domain.test_exceptions.TestFilePermissionError" name="test_default_message" file="tests/domain/test_exceptions.py" line="143" time="0.000" /><testcase classname="tests.domain.test_exceptions.TestFilePermissionError" name="test_custom_operation" file="tests/domain/test_exceptions.py" line="150" time="0.000" /><testcase classname="tests.domain.test_exceptions.TestFilePermissionError" name="test_inherits_from_file_operation_error" file="tests/domain/test_exceptions.py" line="157" time="0.000" /><testcase classname="tests.domain.test_exceptions.TestInvalidFileFormatError" name="test_default_message_with_filepath_and_format" file="tests/domain/test_exceptions.py" line="165" time="0.001" /><testcase classname="tests.domain.test_exceptions.TestInvalidFileFormatError" name="test_default_message_with_filepath_only" file="tests/domain/test_exceptions.py" line="174" time="0.000" /><testcase classname="tests.domain.test_exceptions.TestInvalidFileFormatError" name="test_default_message_with_format_only" file="tests/domain/test_exceptions.py" line="179" time="0.000" /><testcase classname="tests.domain.test_exceptions.TestInvalidFileFormatError" name="test_default_message_no_args" file="tests/domain/test_exceptions.py" line="184" time="0.000" /><testcase classname="tests.domain.test_exceptions.TestInvalidFileFormatError" name="test_custom_message" file="tests/domain/test_exceptions.py" line="189" time="0.000" /><testcase classname="tests.domain.test_exceptions.TestInvalidFileFormatError" name="test_inherits_from_file_operation_error" file="tests/domain/test_exceptions.py" line="194" time="0.000" /><testcase classname="tests.domain.test_task_entity.TestTaskEntity" name="test_task_creation_with_minimal_fields" file="tests/domain/test_task_entity.py" line="8" time="0.001" /><testcase classname="tests.domain.test_task_entity.TestTaskEntity" name="test_task_creation_with_all_fields" file="tests/domain/test_task_entity.py" line="21" time="0.000" /><testcase classname="tests.domain.test_task_entity.TestTaskEntity" name="test_task_tags_default_to_empty_list" file="tests/domain/test_task_entity.py" line="44" time="0.000" /><testcase classname="tests.domain.test_task_entity.TestTaskEntity" name="test_task_tags_are_preserved" file="tests/domain/test_task_entity.py" line="49" time="0.000" /><testcase classname="tests.domain.test_task_entity.TestTaskEntity" name="test_task_default_values" file="tests/domain/test_task_entity.py" line="56" time="0.000" /><testcase classname="tests.domain.test_task_entity.TestTaskEntity" name="test_task_equality" file="tests/domain/test_task_entity.py" line="67" time="0.000" /><testcase classname="tests.domain.test_task_entity.TestTaskEntity" name="test_task_inequality_different_id" file="tests/domain/test_task_entity.py" line="73" time="0.000" /><testcase classname="tests.infrastructure.sqlite.test_connection.TestConnectionFactory" name="test_in_memory_connection" file="tests/infrastructure/sqlite/test_connection.py" line="21" time="0.001" /><testcase classname="tests.infrastructure.sqlite.test_connection.TestConnectionFactory" name="test_file_connection" file="tests/infrastructure/sqlite/test_connection.py" line="34" time="0.004" /><testcase classname="tests.infrastructure.sqlite.test_connection.TestConnectionFactory" name="test_multiple_connections_same_db" file="tests/infrastructure/sqlite/test_connection.py" line="46" time="0.001" /><testcase classname="tests.infrastructure.sqlite.test_connection.TestConnectionFactory" name="test_row_factory_set" file="tests/infrastructure/sqlite/test_connection.py" line="61" time="0.001" /><testcase classname="tests.infrastructure.sqlite.test_connection.TestDefaultDataDir" name="test_default_data_dir_linux" file="tests/infrastructure/sqlite/test_connection.py" line="79" time="0.001" /><testcase classname="tests.infrastructure.sqlite.test_connection.TestDefaultDataDir" name="test_default_data_dir_custom_app_name" file="tests/infrastructure/sqlite/test_connection.py" line="86" time="0.001" /><testcase classname="tests.infrastructure.sqlite.test_connection.TestDefaultDataDir" name="test_default_data_dir_windows" file="tests/infrastructure/sqlite/test_connection.py" line="93" time="0.001" /><testcase classname="tests.infrastructure.sqlite.test_connection.TestDefaultDataDir" name="test_default_data_dir_macos" file="tests/infrastructure/sqlite/test_connection.py" line="100" time="0.001" /><testcase classname="tests.infrastructure.sqlite.test_migrations.TestMigrations" name="test_deduplicate_titles" file="tests/infrastructure/sqlite/test_migrations.py" line="11" time="0.001" /><testcase classname="tests.infrastructure.sqlite.test_migrations.TestMigrations" name="test_deduplicate_titles_no_duplicates" file="tests/infrastructure/sqlite/test_migrations.py" line="46" time="0.001" /><testcase classname="tests.infrastructure.sqlite.test_migrations.TestMigrations" name="test_create_unique_title_index" file="tests/infrastructure/sqlite/test_migrations.py" line="68" time="0.001" /><testcase classname="tests.infrastructure.sqlite.test_migrations.TestMigrations" name="test_create_unique_index_idempotent" file="tests/infrastructure/sqlite/test_migrations.py" line="94" time="0.001" /><testcase classname="tests.infrastructure.sqlite.test_task_dao.TestTaskDAO" name="test_insert_task" file="tests/infrastructure/sqlite/test_task_dao.py" line="20" time="0.001" /><testcase classname="tests.infrastructure.sqlite.test_task_dao.TestTaskDAO" name="test_insert_task_minimal" file="tests/infrastructure/sqlite/test_task_dao.py" line="26" time="0.001" /><testcase classname="tests.infrastructure.sqlite.test_task_dao.TestTaskDAO" name="test_insert_task_all_fields" file="tests/infrastructure/sqlite/test_task_dao.py" line="31" time="0.001" /><testcase classname="tests.infrastructure.sqlite.test_task_dao.TestTaskDAO" name="test_insert_task_tags_json" file="tests/infrastructure/sqlite/test_task_dao.py" line="43" time="0.001" /><testcase classname="tests.infrastructure.sqlite.test_task_dao.TestTaskDAO" name="test_fetch_all_empty" file="tests/infrastructure/sqlite/test_task_dao.py" line="53" time="0.001" /><testcase classname="tests.infrastructure.sqlite.test_task_dao.TestTaskDAO" name="test_fetch_all_tasks" file="tests/infrastructure/sqlite/test_task_dao.py" line="58" time="0.001" /><testcase classname="tests.infrastructure.sqlite.test_task_dao.TestTaskDAO" name="test_fetch_all_with_limit" file="tests/infrastructure/sqlite/test_task_dao.py" line="65" time="0.002" /><testcase classname="tests.infrastructure.sqlite.test_task_dao.TestTaskDAO" name="test_fetch_all_with_offset" file="tests/infrastructure/sqlite/test_task_dao.py" line="72" time="0.001" /><testcase classname="tests.infrastructure.sqlite.test_task_dao.TestTaskDAO" name="test_fetch_all_with_limit_and_offset" file="tests/infrastructure/sqlite/test_task_dao.py" line="79" time="0.001" /><testcase classname="tests.infrastructure.sqlite.test_task_dao.TestTaskDAO" name="test_fetch_all_filter_done" file="tests/infrastructure/sqlite/test_task_dao.py" line="86" time="0.018" /><testcase classname="tests.infrastructure.sqlite.test_task_dao.TestTaskDAO" name="test_fetch_all_filter_priority" file="tests/infrastructure/sqlite/test_task_dao.py" line="98" time="0.002" /><testcase classname="tests.infrastructure.sqlite.test_task_dao.TestTaskDAO" name="test_fetch_all_filter_project" file="tests/infrastructure/sqlite/test_task_dao.py" line="106" time="0.002" /><testcase classname="tests.infrastructure.sqlite.test_task_dao.TestTaskDAO" name="test_update_task_title" file="tests/infrastructure/sqlite/test_task_dao.py" line="114" time="0.002" /><testcase classname="tests.infrastructure.sqlite.test_task_dao.TestTaskDAO" name="test_update_task_done" file="tests/infrastructure/sqlite/test_task_dao.py" line="125" time="0.002" /><testcase classname="tests.infrastructure.sqlite.test_task_dao.TestTaskDAO" name="test_update_task_clear_due_date" file="tests/infrastructure/sqlite/test_task_dao.py" line="136" time="0.002" /><testcase classname="tests.infrastructure.sqlite.test_task_dao.TestTaskDAO" name="test_update_task_clear_project" file="tests/infrastructure/sqlite/test_task_dao.py" line="147" time="0.001" /><testcase classname="tests.infrastructure.sqlite.test_task_dao.TestTaskDAO" name="test_update_task_no_changes" file="tests/infrastructure/sqlite/test_task_dao.py" line="158" time="0.001" /><testcase classname="tests.infrastructure.sqlite.test_task_dao.TestTaskDAO" name="test_delete_task" file="tests/infrastructure/sqlite/test_task_dao.py" line="164" time="0.001" /><testcase classname="tests.infrastructure.sqlite.test_task_dao.TestTaskDAO" name="test_delete_nonexistent_task" file="tests/infrastructure/sqlite/test_task_dao.py" line="173" time="0.001" /><testcase classname="tests.infrastructure.sqlite.test_task_dao.TestTaskDAO" name="test_search_tasks" file="tests/infrastructure/sqlite/test_task_dao.py" line="178" time="0.001" /><testcase classname="tests.infrastructure.sqlite.test_task_dao.TestTaskDAO" name="test_search_tasks_by_description" file="tests/infrastructure/sqlite/test_task_dao.py" line="187" time="0.001" /><testcase classname="tests.infrastructure.sqlite.test_task_dao.TestTaskDAO" name="test_search_tasks_with_filters" file="tests/infrastructure/sqlite/test_task_dao.py" line="195" time="0.001" /><testcase classname="tests.infrastructure.sqlite.test_task_dao.TestTaskDAO" name="test_search_tasks_filter_tags" file="tests/infrastructure/sqlite/test_task_dao.py" line="203" time="0.003" /><testcase classname="tests.infrastructure.sqlite.test_task_mapper.TestRowToTask" name="test_map_row_to_task_minimal" file="tests/infrastructure/sqlite/test_task_mapper.py" line="12" time="0.001" /><testcase classname="tests.infrastructure.sqlite.test_task_mapper.TestRowToTask" name="test_map_row_with_done_flag" file="tests/infrastructure/sqlite/test_task_mapper.py" line="28" time="0.000" /><testcase classname="tests.infrastructure.sqlite.test_task_mapper.TestRowToTask" name="test_map_row_with_json_tags" file="tests/infrastructure/sqlite/test_task_mapper.py" line="40" time="0.001" /><testcase classname="tests.infrastructure.sqlite.test_task_mapper.TestRowToTask" name="test_map_row_with_comma_separated_tags" file="tests/infrastructure/sqlite/test_task_mapper.py" line="53" time="0.000" /><testcase classname="tests.infrastructure.sqlite.test_task_mapper.TestRowToTask" name="test_map_row_with_all_fields" file="tests/infrastructure/sqlite/test_task_mapper.py" line="65" time="0.000" /><testcase classname="tests.infrastructure.sqlite.test_task_mapper.TestRowToTask" name="test_map_row_with_empty_tags" file="tests/infrastructure/sqlite/test_task_mapper.py" line="99" time="0.000" /><testcase classname="tests.infrastructure.sqlite.test_task_mapper.TestRowToTask" name="test_map_row_with_none_tags" file="tests/infrastructure/sqlite/test_task_mapper.py" line="111" time="0.000" /><testcase classname="tests.infrastructure.sqlite.test_task_mapper.TestRowToTask" name="test_map_row_with_missing_fields" file="tests/infrastructure/sqlite/test_task_mapper.py" line="123" time="0.001" /><testcase classname="tests.infrastructure.sqlite.test_task_repository.TestSQLiteTaskRepository" name="test_add_task_success" file="tests/infrastructure/sqlite/test_task_repository.py" line="11" time="0.001" /><testcase classname="tests.infrastructure.sqlite.test_task_repository.TestSQLiteTaskRepository" name="test_add_task_minimal_fields" file="tests/infrastructure/sqlite/test_task_repository.py" line="17" time="0.001" /><testcase classname="tests.infrastructure.sqlite.test_task_repository.TestSQLiteTaskRepository" name="test_add_task_all_fields" file="tests/infrastructure/sqlite/test_task_repository.py" line="22" time="0.001" /><testcase classname="tests.infrastructure.sqlite.test_task_repository.TestSQLiteTaskRepository" name="test_add_task_empty_title" file="tests/infrastructure/sqlite/test_task_repository.py" line="34" time="0.001" /><testcase classname="tests.infrastructure.sqlite.test_task_repository.TestSQLiteTaskRepository" name="test_add_task_title_too_long" file="tests/infrastructure/sqlite/test_task_repository.py" line="40" time="0.001" /><testcase classname="tests.infrastructure.sqlite.test_task_repository.TestSQLiteTaskRepository" name="test_add_task_duplicate_title" file="tests/infrastructure/sqlite/test_task_repository.py" line="47" time="0.001" /><testcase classname="tests.infrastructure.sqlite.test_task_repository.TestSQLiteTaskRepository" name="test_add_task_title_stripped" file="tests/infrastructure/sqlite/test_task_repository.py" line="57" time="0.001" /><testcase classname="tests.infrastructure.sqlite.test_task_repository.TestSQLiteTaskRepository" name="test_get_tasks_empty" file="tests/infrastructure/sqlite/test_task_repository.py" line="64" time="0.001" /><testcase classname="tests.infrastructure.sqlite.test_task_repository.TestSQLiteTaskRepository" name="test_get_tasks_all" file="tests/infrastructure/sqlite/test_task_repository.py" line="69" time="0.001" /><testcase classname="tests.infrastructure.sqlite.test_task_repository.TestSQLiteTaskRepository" name="test_get_tasks_with_limit" file="tests/infrastructure/sqlite/test_task_repository.py" line="76" time="0.001" /><testcase classname="tests.infrastructure.sqlite.test_task_repository.TestSQLiteTaskRepository" name="test_get_tasks_with_offset" file="tests/infrastructure/sqlite/test_task_repository.py" line="83" time="0.002" /><testcase classname="tests.infrastructure.sqlite.test_task_repository.TestSQLiteTaskRepository" name="test_get_tasks_filter_done" file="tests/infrastructure/sqlite/test_task_repository.py" line="90" time="0.001" /><testcase classname="tests.infrastructure.sqlite.test_task_repository.TestSQLiteTaskRepository" name="test_get_tasks_filter_priority" file="tests/infrastructure/sqlite/test_task_repository.py" line="104" time="0.001" /><testcase classname="tests.infrastructure.sqlite.test_task_repository.TestSQLiteTaskRepository" name="test_get_tasks_filter_project" file="tests/infrastructure/sqlite/test_task_repository.py" line="114" time="0.001" /><testcase classname="tests.infrastructure.sqlite.test_task_repository.TestSQLiteTaskRepository" name="test_get_tasks_filter_tags" file="tests/infrastructure/sqlite/test_task_repository.py" line="123" time="0.001" /><testcase classname="tests.infrastructure.sqlite.test_task_repository.TestSQLiteTaskRepository" name="test_update_task_title" file="tests/infrastructure/sqlite/test_task_repository.py" line="131" time="0.001" /><testcase classname="tests.infrastructure.sqlite.test_task_repository.TestSQLiteTaskRepository" name="test_update_task_all_fields" file="tests/infrastructure/sqlite/test_task_repository.py" line="140" time="0.001" /><testcase classname="tests.infrastructure.sqlite.test_task_repository.TestSQLiteTaskRepository" name="test_update_task_empty_title" file="tests/infrastructure/sqlite/test_task_repository.py" line="154" time="0.001" /><testcase classname="tests.infrastructure.sqlite.test_task_repository.TestSQLiteTaskRepository" name="test_update_task_clear_due_date" file="tests/infrastructure/sqlite/test_task_repository.py" line="161" time="0.001" /><testcase classname="tests.infrastructure.sqlite.test_task_repository.TestSQLiteTaskRepository" name="test_update_task_clear_project" file="tests/infrastructure/sqlite/test_task_repository.py" line="168" time="0.002" /><testcase classname="tests.infrastructure.sqlite.test_task_repository.TestSQLiteTaskRepository" name="test_remove_task" file="tests/infrastructure/sqlite/test_task_repository.py" line="175" time="0.002" /><testcase classname="tests.infrastructure.sqlite.test_task_repository.TestSQLiteTaskRepository" name="test_remove_nonexistent_task" file="tests/infrastructure/sqlite/test_task_repository.py" line="184" time="0.002" /><testcase classname="tests.infrastructure.sqlite.test_task_repository.TestSQLiteTaskRepository" name="test_mark_done" file="tests/infrastructure/sqlite/test_task_repository.py" line="189" time="0.002" /><testcase classname="tests.infrastructure.sqlite.test_task_repository.TestSQLiteTaskRepository" name="test_mark_undone" file="tests/infrastructure/sqlite/test_task_repository.py" line="198" time="0.002" /><testcase classname="tests.infrastructure.sqlite.test_task_repository.TestSQLiteTaskRepository" name="test_search_tasks" file="tests/infrastructure/sqlite/test_task_repository.py" line="207" time="0.002" /><testcase classname="tests.infrastructure.sqlite.test_task_repository.TestSQLiteTaskRepository" name="test_search_tasks_by_description" file="tests/infrastructure/sqlite/test_task_repository.py" line="216" time="0.001" /><testcase classname="tests.infrastructure.sqlite.test_task_repository.TestSQLiteTaskRepository" name="test_search_tasks_empty_keyword" file="tests/infrastructure/sqlite/test_task_repository.py" line="224" time="0.002" /><testcase classname="tests.infrastructure.sqlite.test_task_repository.TestSQLiteTaskRepository" name="test_search_tasks_with_filters" file="tests/infrastructure/sqlite/test_task_repository.py" line="230" time="0.002" /><testcase classname="tests.infrastructure.sqlite.test_task_repository.TestSQLiteTaskRepository" name="test_context_manager" file="tests/infrastructure/sqlite/test_task_repository.py" line="238" time="0.002" /><testcase classname="tests.infrastructure.sqlite.test_task_repository.TestSQLiteTaskRepository" name="test_priority_validation" file="tests/infrastructure/sqlite/test_task_repository.py" line="244" time="0.002" /><testcase classname="tests.infrastructure.sqlite.test_task_repository.TestSQLiteTaskRepository" name="test_description_max_length" file="tests/infrastructure/sqlite/test_task_repository.py" line="250" time="0.002" /><testcase classname="tests.infrastructure.sqlite.test_task_schema.TestSchema" name="test_ensure_schema_creates_table" file="tests/infrastructure/sqlite/test_task_schema.py" line="10" time="0.001" /><testcase classname="tests.infrastructure.sqlite.test_task_schema.TestSchema" name="test_ensure_schema_idempotent" file="tests/infrastructure/sqlite/test_task_schema.py" line="21" time="0.001" /><testcase classname="tests.infrastructure.sqlite.test_task_schema.TestSchema" name="test_ensure_schema_creates_all_columns" file="tests/infrastructure/sqlite/test_task_schema.py" line="33" time="0.002" /><testcase classname="tests.infrastructure.sqlite.test_task_schema.TestSchema" name="test_ensure_schema_creates_indexes" file="tests/infrastructure/sqlite/test_task_schema.py" line="51" time="0.001" /><testcase classname="tests.infrastructure.sqlite.test_task_schema.TestSchema" name="test_ensure_schema_migration_adds_columns" file="tests/infrastructure/sqlite/test_task_schema.py" line="63" time="0.001" /><testcase classname="tests.infrastructure.sqlite.test_task_schema.TestSchema" name="test_ensure_schema_backfills_created_at" file="tests/infrastructure/sqlite/test_task_schema.py" line="78" time="0.001" /><testcase classname="tests.infrastructure.sqlite.test_task_schema.TestSchema" name="test_ensure_schema_creates_triggers" file="tests/infrastructure/sqlite/test_task_schema.py" line="93" time="0.001" /><testcase classname="tests.infrastructure.sqlite.test_task_schema.TestSchema" name="test_ensure_schema_creates_unique_index" file="tests/infrastructure/sqlite/test_task_schema.py" line="106" time="0.001" /><testcase classname="tests.infrastructure.test_container.TestAppContainer" name="test_container_initialization" file="tests/infrastructure/test_container.py" line="8" time="0.007" /><testcase classname="tests.infrastructure.test_container.TestAppContainer" name="test_container_uses_config_db_name" file="tests/infrastructure/test_container.py" line="20" time="0.001" /><testcase classname="tests.infrastructure.test_container.TestAppContainer" name="test_container_custom_db_name" file="tests/infrastructure/test_container.py" line="31" time="0.001" /><testcase classname="tests.infrastructure.test_container.TestAppContainer" name="test_container_task_handler" file="tests/infrastructure/test_container.py" line="39" time="0.001" /><testcase classname="tests.infrastructure.test_container.TestAppContainer" name="test_container_repo_singleton" file="tests/infrastructure/test_container.py" line="49" time="0.001" /><testcase classname="tests.infrastructure.test_container.TestAppContainer" name="test_container_repo_singleton_returns_same" file="tests/infrastructure/test_container.py" line="60" time="0.001" /><testcase classname="tests.infrastructure.test_container.TestAppContainer" name="test_container_close_singleton" file="tests/infrastructure/test_container.py" line="71" time="0.001" /><testcase classname="tests.infrastructure.test_settings" name="test_default_data_dir_linux" file="tests/infrastructure/test_settings.py" line="7" time="0.001" /><testcase classname="tests.infrastructure.test_settings" name="test_default_db_path_relative" file="tests/infrastructure/test_settings.py" line="19" time="0.001" /><testcase classname="tests.infrastructure.test_settings" name="test_env_db_absolute" file="tests/infrastructure/test_settings.py" line="29" time="0.001" /><testcase classname="tests.infrastructure.test_settings" name="test_windows_appdata" file="tests/infrastructure/test_settings.py" line="40" time="0.001" /><testcase classname="tests.infrastructure.test_settings" name="test_darwin_home" file="tests/infrastructure/test_settings.py" line="53" time="0.001" /><testcase classname="tests.presentation.cli.test_ansi.TestColorizer" name="test_colorizer_initialization" file="tests/presentation/cli/test_ansi.py" line="9" time="0.001" /><testcase classname="tests.presentation.cli.test_ansi.TestColorizer" name="test_methods_existence" file="tests/presentation/cli/test_ansi.py" line="16" time="0.000" /><testcase classname="tests.presentation.cli.test_ansi.TestColorizer" name="test_color_method_disabled" file="tests/presentation/cli/test_ansi.py" line="37" time="0.006" /><testcase classname="tests.presentation.cli.test_ansi.TestColorizer" name="test_color_method_enabled" file="tests/presentation/cli/test_ansi.py" line="45" time="0.000" /><testcase classname="tests.presentation.cli.test_ansi.TestColorizer" name="test_env_no_color" file="tests/presentation/cli/test_ansi.py" line="55" time="0.001" /><testcase classname="tests.presentation.cli.test_ansi.TestColorizer" name="test_env_force_color_valid" file="tests/presentation/cli/test_ansi.py" line="61" time="0.002" /><testcase classname="tests.presentation.cli.test_ansi.TestColorizer" name="test_env_force_color_invalid" file="tests/presentation/cli/test_ansi.py" line="70" time="0.004" /><testcase classname="tests.presentation.cli.test_ansi.TestColorizer" name="test_icon_mode_linux_default" file="tests/presentation/cli/test_ansi.py" line="80" time="0.003" /><testcase classname="tests.presentation.cli.test_ansi.TestColorizer" name="test_icon_mode_windows_default" file="tests/presentation/cli/test_ansi.py" line="91" time="0.001" /><testcase classname="tests.presentation.cli.test_ansi.TestColorizer" name="test_icon_mode_force_nerd" file="tests/presentation/cli/test_ansi.py" line="102" time="0.001" /><testcase classname="tests.presentation.cli.test_ansi.TestColorizer" name="test_icon_mode_ascii_fallback" file="tests/presentation/cli/test_ansi.py" line="109" time="0.001" /><testcase classname="tests.presentation.cli.test_ansi.TestColorizer" name="test_icon_render_std" file="tests/presentation/cli/test_ansi.py" line="116" time="0.001" /><testcase classname="tests.presentation.cli.test_ansi.TestColorizer" name="test_icon_render_ascii" file="tests/presentation/cli/test_ansi.py" line="127" time="0.000" /><testcase classname="tests.presentation.cli.test_ansi.TestColorizer" name="test_set_color_method" file="tests/presentation/cli/test_ansi.py" line="138" time="0.000" /><testcase classname="tests.presentation.cli.test_helpers.TestParseTags" name="test_parse_tags_with_valid_string" file="tests/presentation/cli/test_helpers.py" line="21" time="0.000" /><testcase classname="tests.presentation.cli.test_helpers.TestParseTags" name="test_parse_tags_with_spaces" file="tests/presentation/cli/test_helpers.py" line="26" time="0.000" /><testcase classname="tests.presentation.cli.test_helpers.TestParseTags" name="test_parse_tags_with_empty_string" file="tests/presentation/cli/test_helpers.py" line="31" time="0.000" /><testcase classname="tests.presentation.cli.test_helpers.TestParseTags" name="test_parse_tags_with_none" file="tests/presentation/cli/test_helpers.py" line="36" time="0.000" /><testcase classname="tests.presentation.cli.test_helpers.TestParseTags" name="test_parse_tags_with_only_spaces" file="tests/presentation/cli/test_helpers.py" line="41" time="0.000" /><testcase classname="tests.presentation.cli.test_helpers.TestTaskToDict" name="test_task_to_dict_minimal" file="tests/presentation/cli/test_helpers.py" line="50" time="0.000" /><testcase classname="tests.presentation.cli.test_helpers.TestTaskToDict" name="test_task_to_dict_full" file="tests/presentation/cli/test_helpers.py" line="60" time="0.000" /><testcase classname="tests.presentation.cli.test_helpers.TestOutputJson" name="test_output_json" file="tests/presentation/cli/test_helpers.py" line="87" time="0.001" /><testcase classname="tests.presentation.cli.test_helpers.TestOutputSuccess" name="test_output_success_normal_mode" file="tests/presentation/cli/test_helpers.py" line="99" time="0.001" /><testcase classname="tests.presentation.cli.test_helpers.TestOutputSuccess" name="test_output_success_json_mode" file="tests/presentation/cli/test_helpers.py" line="106" time="0.001" /><testcase classname="tests.presentation.cli.test_helpers.TestOutputError" name="test_output_error_normal_mode" file="tests/presentation/cli/test_helpers.py" line="119" time="0.001" /><testcase classname="tests.presentation.cli.test_helpers.TestOutputError" name="test_output_error_json_mode" file="tests/presentation/cli/test_helpers.py" line="127" time="0.001" /><testcase classname="tests.presentation.cli.test_helpers.TestHandleCommandError" name="test_handle_command_error_with_task_id" file="tests/presentation/cli/test_helpers.py" line="142" time="0.001" /><testcase classname="tests.presentation.cli.test_helpers.TestHandleCommandError" name="test_handle_command_error_json_mode" file="tests/presentation/cli/test_helpers.py" line="155" time="0.001" /><testcase classname="tests.presentation.cli.test_helpers.TestFormatTask" name="test_format_task_minimal" file="tests/presentation/cli/test_helpers.py" line="175" time="0.001" /><testcase classname="tests.presentation.cli.test_helpers.TestFormatTask" name="test_format_task_with_description" file="tests/presentation/cli/test_helpers.py" line="184" time="0.001" /><testcase classname="tests.presentation.cli.test_helpers.TestFormatTask" name="test_format_task_with_metadata" file="tests/presentation/cli/test_helpers.py" line="192" time="0.001" /><testcase classname="tests.presentation.cli.test_helpers.TestFormatTasksList" name="test_format_tasks_list_normal_mode" file="tests/presentation/cli/test_helpers.py" line="214" time="0.001" /><testcase classname="tests.presentation.cli.test_helpers.TestFormatTasksList" name="test_format_tasks_list_json_mode" file="tests/presentation/cli/test_helpers.py" line="226" time="0.001" /></testsuite></testsuites>